// Jest Snapshot v1, https://goo.gl/fbAQLP

exports[`SkSankeyChart should render the SkSankeyChart component 1`] = `
{
  "asFragment": [Function],
  "baseElement": <body>
    <div>
      <div
        class="pf-v6-c-toolbar"
        data-ouia-component-id="OUIA-Generated-Toolbar-1"
        data-ouia-component-type="PF6/Toolbar"
        data-ouia-safe="true"
        data-testid="sankey-filter"
        id="pf-random-id-0"
      >
        <div
          class="pf-v6-c-toolbar__content"
        >
          <div
            class="pf-v6-c-toolbar__content-section"
          >
            <div
              class="pf-v6-c-toolbar__group pf-m-toggle-group pf-m-show-on-xl"
            >
              <div
                class="pf-v6-c-toolbar__toggle"
              >
                <button
                  aria-disabled="false"
                  aria-haspopup="false"
                  aria-label="Show Filters"
                  class="pf-v6-c-button pf-m-plain"
                  data-ouia-component-id="OUIA-Generated-Button-plain-1"
                  data-ouia-component-type="PF6/Button"
                  data-ouia-safe="true"
                  type="button"
                >
                  <span
                    class="pf-v6-c-button__icon"
                  >
                    <svg
                      aria-hidden="true"
                      class="pf-v6-svg"
                      fill="currentColor"
                      height="1em"
                      role="img"
                      viewBox="0 0 512 512"
                      width="1em"
                    >
                      <path
                        d="M487.976 0H24.028C2.71 0-8.047 25.866 7.058 40.971L192 225.941V432c0 7.831 3.821 15.17 10.237 19.662l80 55.98C298.02 518.69 320 507.493 320 487.98V225.941l184.947-184.97C520.021 25.896 509.338 0 487.976 0z"
                      />
                    </svg>
                  </span>
                </button>
              </div>
              <div
                class="pf-v6-c-toolbar__group pf-m-filter-group"
              >
                <div
                  class="pf-v6-c-toolbar__item"
                >
                  <button
                    aria-expanded="false"
                    class="pf-v6-c-menu-toggle"
                    data-ouia-component-id="OUIA-Generated-MenuToggle-1"
                    data-ouia-component-type="PF6/MenuToggle"
                    data-ouia-safe="true"
                    type="button"
                  >
                    <span
                      class="pf-v6-c-menu-toggle__text"
                    >
                      Clients
                    </span>
                    <span
                      class="pf-v6-c-menu-toggle__controls"
                    >
                      <span
                        class="pf-v6-c-menu-toggle__toggle-icon"
                      >
                        <svg
                          aria-hidden="true"
                          class="pf-v6-svg"
                          fill="currentColor"
                          height="1em"
                          role="img"
                          viewBox="0 0 320 512"
                          width="1em"
                        >
                          <path
                            d="M31.3 192h257.3c17.8 0 26.7 21.5 14.1 34.1L174.1 354.8c-7.8 7.8-20.5 7.8-28.3 0L17.2 226.1C4.6 213.5 13.5 192 31.3 192z"
                          />
                        </svg>
                      </span>
                    </span>
                  </button>
                </div>
                <div
                  class="pf-v6-c-toolbar__item"
                >
                  <button
                    aria-expanded="false"
                    class="pf-v6-c-menu-toggle"
                    data-ouia-component-id="OUIA-Generated-MenuToggle-2"
                    data-ouia-component-type="PF6/MenuToggle"
                    data-ouia-safe="true"
                    type="button"
                  >
                    <span
                      class="pf-v6-c-menu-toggle__text"
                    >
                      Servers
                    </span>
                    <span
                      class="pf-v6-c-menu-toggle__controls"
                    >
                      <span
                        class="pf-v6-c-menu-toggle__toggle-icon"
                      >
                        <svg
                          aria-hidden="true"
                          class="pf-v6-svg"
                          fill="currentColor"
                          height="1em"
                          role="img"
                          viewBox="0 0 320 512"
                          width="1em"
                        >
                          <path
                            d="M31.3 192h257.3c17.8 0 26.7 21.5 14.1 34.1L174.1 354.8c-7.8 7.8-20.5 7.8-28.3 0L17.2 226.1C4.6 213.5 13.5 192 31.3 192z"
                          />
                        </svg>
                      </span>
                    </span>
                  </button>
                </div>
              </div>
              <div
                class="pf-v6-c-toolbar__item"
              >
                <button
                  aria-expanded="false"
                  class="pf-v6-c-menu-toggle"
                  data-ouia-component-id="OUIA-Generated-MenuToggle-3"
                  data-ouia-component-type="PF6/MenuToggle"
                  data-ouia-safe="true"
                  type="button"
                >
                  <span
                    class="pf-v6-c-menu-toggle__text"
                  >
                    Display only pairs
                  </span>
                  <span
                    class="pf-v6-c-menu-toggle__controls"
                  >
                    <span
                      class="pf-v6-c-menu-toggle__toggle-icon"
                    >
                      <svg
                        aria-hidden="true"
                        class="pf-v6-svg"
                        fill="currentColor"
                        height="1em"
                        role="img"
                        viewBox="0 0 320 512"
                        width="1em"
                      >
                        <path
                          d="M31.3 192h257.3c17.8 0 26.7 21.5 14.1 34.1L174.1 354.8c-7.8 7.8-20.5 7.8-28.3 0L17.2 226.1C4.6 213.5 13.5 192 31.3 192z"
                        />
                      </svg>
                    </span>
                  </span>
                </button>
              </div>
            </div>
          </div>
        </div>
        <div
          class="pf-v6-c-toolbar__content pf-m-hidden"
          hidden=""
        >
          <div
            aria-hidden="true"
            class="pf-v6-c-toolbar__group pf-m-hidden"
            hidden=""
          />
        </div>
      </div>
      <div
        style="height: 350px;"
      >
        <div
          style="width: 100%; height: 100%;"
        />
      </div>
    </div>
  </body>,
  "container": <div>
    <div
      class="pf-v6-c-toolbar"
      data-ouia-component-id="OUIA-Generated-Toolbar-1"
      data-ouia-component-type="PF6/Toolbar"
      data-ouia-safe="true"
      data-testid="sankey-filter"
      id="pf-random-id-0"
    >
      <div
        class="pf-v6-c-toolbar__content"
      >
        <div
          class="pf-v6-c-toolbar__content-section"
        >
          <div
            class="pf-v6-c-toolbar__group pf-m-toggle-group pf-m-show-on-xl"
          >
            <div
              class="pf-v6-c-toolbar__toggle"
            >
              <button
                aria-disabled="false"
                aria-haspopup="false"
                aria-label="Show Filters"
                class="pf-v6-c-button pf-m-plain"
                data-ouia-component-id="OUIA-Generated-Button-plain-1"
                data-ouia-component-type="PF6/Button"
                data-ouia-safe="true"
                type="button"
              >
                <span
                  class="pf-v6-c-button__icon"
                >
                  <svg
                    aria-hidden="true"
                    class="pf-v6-svg"
                    fill="currentColor"
                    height="1em"
                    role="img"
                    viewBox="0 0 512 512"
                    width="1em"
                  >
                    <path
                      d="M487.976 0H24.028C2.71 0-8.047 25.866 7.058 40.971L192 225.941V432c0 7.831 3.821 15.17 10.237 19.662l80 55.98C298.02 518.69 320 507.493 320 487.98V225.941l184.947-184.97C520.021 25.896 509.338 0 487.976 0z"
                    />
                  </svg>
                </span>
              </button>
            </div>
            <div
              class="pf-v6-c-toolbar__group pf-m-filter-group"
            >
              <div
                class="pf-v6-c-toolbar__item"
              >
                <button
                  aria-expanded="false"
                  class="pf-v6-c-menu-toggle"
                  data-ouia-component-id="OUIA-Generated-MenuToggle-1"
                  data-ouia-component-type="PF6/MenuToggle"
                  data-ouia-safe="true"
                  type="button"
                >
                  <span
                    class="pf-v6-c-menu-toggle__text"
                  >
                    Clients
                  </span>
                  <span
                    class="pf-v6-c-menu-toggle__controls"
                  >
                    <span
                      class="pf-v6-c-menu-toggle__toggle-icon"
                    >
                      <svg
                        aria-hidden="true"
                        class="pf-v6-svg"
                        fill="currentColor"
                        height="1em"
                        role="img"
                        viewBox="0 0 320 512"
                        width="1em"
                      >
                        <path
                          d="M31.3 192h257.3c17.8 0 26.7 21.5 14.1 34.1L174.1 354.8c-7.8 7.8-20.5 7.8-28.3 0L17.2 226.1C4.6 213.5 13.5 192 31.3 192z"
                        />
                      </svg>
                    </span>
                  </span>
                </button>
              </div>
              <div
                class="pf-v6-c-toolbar__item"
              >
                <button
                  aria-expanded="false"
                  class="pf-v6-c-menu-toggle"
                  data-ouia-component-id="OUIA-Generated-MenuToggle-2"
                  data-ouia-component-type="PF6/MenuToggle"
                  data-ouia-safe="true"
                  type="button"
                >
                  <span
                    class="pf-v6-c-menu-toggle__text"
                  >
                    Servers
                  </span>
                  <span
                    class="pf-v6-c-menu-toggle__controls"
                  >
                    <span
                      class="pf-v6-c-menu-toggle__toggle-icon"
                    >
                      <svg
                        aria-hidden="true"
                        class="pf-v6-svg"
                        fill="currentColor"
                        height="1em"
                        role="img"
                        viewBox="0 0 320 512"
                        width="1em"
                      >
                        <path
                          d="M31.3 192h257.3c17.8 0 26.7 21.5 14.1 34.1L174.1 354.8c-7.8 7.8-20.5 7.8-28.3 0L17.2 226.1C4.6 213.5 13.5 192 31.3 192z"
                        />
                      </svg>
                    </span>
                  </span>
                </button>
              </div>
            </div>
            <div
              class="pf-v6-c-toolbar__item"
            >
              <button
                aria-expanded="false"
                class="pf-v6-c-menu-toggle"
                data-ouia-component-id="OUIA-Generated-MenuToggle-3"
                data-ouia-component-type="PF6/MenuToggle"
                data-ouia-safe="true"
                type="button"
              >
                <span
                  class="pf-v6-c-menu-toggle__text"
                >
                  Display only pairs
                </span>
                <span
                  class="pf-v6-c-menu-toggle__controls"
                >
                  <span
                    class="pf-v6-c-menu-toggle__toggle-icon"
                  >
                    <svg
                      aria-hidden="true"
                      class="pf-v6-svg"
                      fill="currentColor"
                      height="1em"
                      role="img"
                      viewBox="0 0 320 512"
                      width="1em"
                    >
                      <path
                        d="M31.3 192h257.3c17.8 0 26.7 21.5 14.1 34.1L174.1 354.8c-7.8 7.8-20.5 7.8-28.3 0L17.2 226.1C4.6 213.5 13.5 192 31.3 192z"
                      />
                    </svg>
                  </span>
                </span>
              </button>
            </div>
          </div>
        </div>
      </div>
      <div
        class="pf-v6-c-toolbar__content pf-m-hidden"
        hidden=""
      >
        <div
          aria-hidden="true"
          class="pf-v6-c-toolbar__group pf-m-hidden"
          hidden=""
        />
      </div>
    </div>
    <div
      style="height: 350px;"
    >
      <div
        style="width: 100%; height: 100%;"
      />
    </div>
  </div>,
  "debug": [Function],
  "findAllByAltText": [Function],
  "findAllByDisplayValue": [Function],
  "findAllByLabelText": [Function],
  "findAllByPlaceholderText": [Function],
  "findAllByRole": [Function],
  "findAllByTestId": [Function],
  "findAllByText": [Function],
  "findAllByTitle": [Function],
  "findByAltText": [Function],
  "findByDisplayValue": [Function],
  "findByLabelText": [Function],
  "findByPlaceholderText": [Function],
  "findByRole": [Function],
  "findByTestId": [Function],
  "findByText": [Function],
  "findByTitle": [Function],
  "getAllByAltText": [Function],
  "getAllByDisplayValue": [Function],
  "getAllByLabelText": [Function],
  "getAllByPlaceholderText": [Function],
  "getAllByRole": [Function],
  "getAllByTestId": [Function],
  "getAllByText": [Function],
  "getAllByTitle": [Function],
  "getByAltText": [Function],
  "getByDisplayValue": [Function],
  "getByLabelText": [Function],
  "getByPlaceholderText": [Function],
  "getByRole": [Function],
  "getByTestId": [Function],
  "getByText": [Function],
  "getByTitle": [Function],
  "queryAllByAltText": [Function],
  "queryAllByDisplayValue": [Function],
  "queryAllByLabelText": [Function],
  "queryAllByPlaceholderText": [Function],
  "queryAllByRole": [Function],
  "queryAllByTestId": [Function],
  "queryAllByText": [Function],
  "queryAllByTitle": [Function],
  "queryByAltText": [Function],
  "queryByDisplayValue": [Function],
  "queryByLabelText": [Function],
  "queryByPlaceholderText": [Function],
  "queryByRole": [Function],
  "queryByTestId": [Function],
  "queryByText": [Function],
  "queryByTitle": [Function],
  "rerender": [Function],
  "unmount": [Function],
}
`;
